<**>
assertion failed: `(left != right)`

Both sides:
(
    13,
    15,
    16,
)


note: run with `RUST_BACKTRACE=1` environment variable to display a backtrace
<**>