<**>
assertion failed: `(left == right)`

Diff < left / right > :
 (
     13,
     15,
<    16,
>    17,
 )
<**>